
> mpc@0.0.0 build
> tsc -b && vite build

src/pages/Evolution.tsx(3,10): error TS6133: 'LineChart' is declared but its value is never read.
src/pages/Evolution.tsx(3,21): error TS6133: 'Line' is declared but its value is never read.
src/pages/Evolution.tsx(130,41): error TS2322: Type '(value: number) => [string, "Energia"]' is not assignable to type 'Formatter<number, "Energia"> & ((value: number, name: "Energia", item: Payload<number, "Energia">, index: number, payload: Payload<number, "Energia">[]) => ReactNode | [...])'.
  Type '(value: number) => [string, "Energia"]' is not assignable to type 'Formatter<number, "Energia">'.
    Types of parameters 'value' and 'value' are incompatible.
      Type 'number | undefined' is not assignable to type 'number'.
        Type 'undefined' is not assignable to type 'number'.
src/pages/Settings.tsx(2,18): error TS6133: 'RotateCcw' is declared but its value is never read.
